BL51 BANKED LINKER/LOCATER V6.22                                                        10/10/2024  18:47:53  PAGE 1


BL51 BANKED LINKER/LOCATER V6.22, INVOKED BY:
D:\DOWNLOAD\KEIL4\C51\BIN\BL51.EXE 4-3.obj, 4-2.obj, 3-11.obj, 3-12.obj TO test1


INPUT MODULES INCLUDED:
  4-3.obj (4_3)
  4-2.obj (4_2)
  3-11.obj (3_11)
  3-12.obj (3_12)


LINK MAP OF MODULE:  test1 (4_3)


            TYPE    BASE      LENGTH    RELOCATION   SEGMENT NAME
            -----------------------------------------------------

            * * * * * * *   D A T A   M E M O R Y   * * * * * * *
            REG     0000H     0008H     ABSOLUTE     "REG BANK 0"

            * * * * * * *   C O D E   M E M O R Y   * * * * * * *
            CODE    0000H     000BH     ABSOLUTE     
* OVERLAP * CODE    0000H     0012H     ABSOLUTE     
* OVERLAP * CODE    0000H     0008H     ABSOLUTE     
* OVERLAP * CODE    0000H     0009H     ABSOLUTE     



SYMBOL TABLE OF MODULE:  test1 (4_3)

  VALUE           TYPE          NAME
  ----------------------------------

  -------         MODULE        4_3
  C:0007H         SYMBOL        LOOP1
  C:0000H         SYMBOL        START
  C:0000H         LINE#         2
  C:0003H         LINE#         3
  C:0005H         LINE#         4
  C:0007H         LINE#         5
  C:0008H         LINE#         6
  C:0009H         LINE#         7
  -------         ENDMOD        4_3

  -------         MODULE        4_2
  C:000CH         SYMBOL        LOOP
  C:0000H         SYMBOL        START
  C:0000H         LINE#         2
  C:0003H         LINE#         3
  C:0006H         LINE#         4
  C:0008H         LINE#         5
  C:000AH         LINE#         6
  C:000CH         LINE#         8
  C:000DH         LINE#         9
  C:000EH         LINE#         10
  C:000FH         LINE#         11
  C:0010H         LINE#         12
  -------         ENDMOD        4_2
BL51 BANKED LINKER/LOCATER V6.22                                                      10/10/2024  18:47:53  PAGE 2



  -------         MODULE        3_11
  C:0000H         LINE#         2
  C:0003H         LINE#         3
  C:0005H         LINE#         4
  C:0007H         LINE#         5
  -------         ENDMOD        3_11

  -------         MODULE        3_12
  C:0000H         SYMBOL        START
  C:0000H         LINE#         2
  C:0002H         LINE#         3
  C:0004H         LINE#         4
  C:0006H         LINE#         5
  C:0008H         LINE#         6
  -------         ENDMOD        3_12

*** WARNING L5: CODE SPACE MEMORY OVERLAP
    FROM:    0000H
    TO:      000AH

*** WARNING L5: CODE SPACE MEMORY OVERLAP
    FROM:    0000H
    TO:      0011H

*** WARNING L5: CODE SPACE MEMORY OVERLAP
    FROM:    0000H
    TO:      0011H

Program Size: data=8.0 xdata=0 code=46
LINK/LOCATE RUN COMPLETE.  3 WARNING(S),  0 ERROR(S)
