C51 COMPILER V9.01   TEST1                                                                 11/21/2024 17:07:45 PAGE 1   


C51 COMPILER V9.01, COMPILATION OF MODULE TEST1
OBJECT MODULE PLACED IN test1.OBJ
COMPILER INVOKED BY: D:\Download\Keil4\C51\BIN\C51.EXE test1.c BROWSE DEBUG OBJECTEXTEND

line level    source

   1          #include <reg51.h>
   2          #include <absacc.h>
   3          
   4          sbit sounder=P1^0;
   5          main()
   6          {
   7   1        TMOD=1;
   8   1        TH0=62018/32;
   9   1        TL0=62018%32;
  10   1      
  11   1        EA=1;
  12   1        ET0=1;
  13   1        TR0=1;
  14   1        while(1);
  15   1      }
  16          void t0int() interrupt 1
  17          {
  18   1        sounder=~sounder;
  19   1        TH0=62018/32;
  20   1        TL0=62018%32;
  21   1      }


MODULE INFORMATION:   STATIC OVERLAYABLE
   CODE SIZE        =     26    ----
   CONSTANT SIZE    =   ----    ----
   XDATA SIZE       =   ----    ----
   PDATA SIZE       =   ----    ----
   DATA SIZE        =   ----    ----
   IDATA SIZE       =   ----    ----
   BIT SIZE         =   ----    ----
END OF MODULE INFORMATION.


C51 COMPILATION COMPLETE.  0 WARNING(S),  0 ERROR(S)
